export const snapshot = {};

snapshot[`asUnoptional<T> > returns properly named function 1`] = `"isNumber"`;

snapshot[`asUnoptional<T> > returns properly named function 2`] = `"isNumber"`;

snapshot[`asUnoptional<T> > returns properly named function 3`] = `"isNumber"`;

snapshot[`asOptional<T> > returns properly named function 1`] = `"asOptional(isNumber)"`;

snapshot[`asOptional<T> > returns properly named function 2`] = `"asOptional(isNumber)"`;
