export const snapshot = {};

snapshot[`isIntersectionOf<T> > returns properly named function 1`] = `
"isObjectOf({
  a: isNumber,
  b: isString
})"
`;

snapshot[`isIntersectionOf<T> > returns properly named function 2`] = `"isString"`;

snapshot[`isIntersectionOf<T> > returns properly named function 3`] = `
"isIntersectionOf([
  isFunction,
  isObjectOf({b: isString})
])"
`;
