export const snapshot = {};

snapshot[`isLiteralOf<T> > returns properly named function 1`] = `'isLiteralOf("hello")'`;

snapshot[`isLiteralOf<T> > returns properly named function 2`] = `"isLiteralOf(100)"`;

snapshot[`isLiteralOf<T> > returns properly named function 3`] = `"isLiteralOf(100n)"`;

snapshot[`isLiteralOf<T> > returns properly named function 4`] = `"isLiteralOf(true)"`;

snapshot[`isLiteralOf<T> > returns properly named function 5`] = `"isLiteralOf(null)"`;

snapshot[`isLiteralOf<T> > returns properly named function 6`] = `"isLiteralOf(undefined)"`;

snapshot[`isLiteralOf<T> > returns properly named function 7`] = `"isLiteralOf(Symbol(asdf))"`;
