export const snapshot = {};

snapshot[`isReadonlyOf<T> > returns properly named function 1`] = `
"isObjectOf({
  a: asReadonly(isNumber),
  b: asReadonly(isUnionOf([
    isString,
    isUndefined
  ])),
  c: asReadonly(isBoolean)
})"
`;

snapshot[`isReadonlyOf<T> > returns properly named function 2`] = `
"isObjectOf({
  a: asReadonly(isNumber),
  b: asReadonly(isUnionOf([
    isString,
    isUndefined
  ])),
  c: asReadonly(isBoolean)
})"
`;
