export const snapshot = {};

snapshot[`isRecordOf<T> > returns properly named function 1`] = `"isRecordOf(isNumber, undefined)"`;

snapshot[`isRecordOf<T> > returns properly named function 2`] = `"isRecordOf((anonymous), undefined)"`;

snapshot[`isRecordOf<T, K> > returns properly named function 1`] = `"isRecordOf(isNumber, isString)"`;

snapshot[`isRecordOf<T, K> > returns properly named function 2`] = `"isRecordOf((anonymous), isString)"`;
