export const snapshot = {};

snapshot[`isStrictOf<T> > returns properly named function 1`] = `
"isStrictOf(isObjectOf({
  a: isNumber,
  b: isString,
  c: isBoolean
}))"
`;

snapshot[`isStrictOf<T> > returns properly named function 2`] = `"isStrictOf(isObjectOf({a: a}))"`;

snapshot[`isStrictOf<T> > returns properly named function 3`] = `
"isStrictOf(isObjectOf({
  a: isStrictOf(isObjectOf({
    b: isStrictOf(isObjectOf({c: isBoolean}))
  }))
}))"
`;
