export const snapshot = {};

snapshot[`isOneOf<T> > returns properly named function 1`] = `
"isOneOf([
  isNumber,
  isString,
  isBoolean
])"
`;

snapshot[`isOptionalOf<T> > returns properly named function 1`] = `"isOptionalOf(isNumber)"`;

snapshot[`isAllOf<T> > returns properly named function 1`] = `
"isAllOf([
  isObjectOf({a: isNumber}, undefined),
  isObjectOf({b: isString}, undefined)
])"
`;
