export const snapshot = {};

snapshot[`isOptionalOf<T> > returns properly named function 1`] = `"isOptionalOf(isNumber)"`;

snapshot[`isOneOf<T> > returns properly named function 1`] = `
"isOneOf([
  isNumber,
  isString,
  isBoolean
])"
`;

snapshot[`isAllOf<T> > returns properly named function 1`] = `
"isAllOf([
  isObjectOf({a: isNumber}),
  isObjectOf({b: isString})
])"
`;
